<html>
<body>
<pre>
<h1>礦ision Build Log</h1>
<h2>Project:</h2>
C:\Users\hasee\Desktop\2017项目\手势控件\Mouse-Gestures\stm32\USER\IIC.uvprojx
Project File Date:  01/15/2018

<h2>Output:</h2>
*** Note: Rebuilding project, since 'Options->Output->Create Batch File' is selected.
Rebuild target 'Target 1'
compiling main.c...
main.c(23): warning:  #177-D: variable "proximity_data" was declared but never referenced
        u8 proximity_data,x;
main.c(24): warning:  #177-D: variable "i" was declared but never referenced
        bool i=0;
main.c: 2 warnings, 0 errors
compiling stm32f10x_it.c...
compiling system_stm32f10x.c...
compiling led.c...
compiling key.c...
compiling myiic.c...
compiling apds_9960.c...
compiling apds_9960_deal.c...
..\HARDWARE\APDS_9960\apds_9960_deal.c(201): warning:  #186-D: pointless comparison of unsigned integer with zero
      if( mode >= 0 && mode <= 6 ) {
..\HARDWARE\APDS_9960\apds_9960_deal.c(469): warning:  #514-D: pointless comparison of unsigned integer with a negative constant
                  if( bytes_read == -1 ) {
..\HARDWARE\APDS_9960\apds_9960_deal.c: 2 warnings, 0 errors
compiling delay.c...
compiling sys.c...
compiling usart.c...
compiling core_cm3.c...
assembling startup_stm32f10x_hd.s...
compiling stm32f10x_gpio.c...
compiling stm32f10x_rcc.c...
compiling stm32f10x_usart.c...
compiling misc.c...
linking...
Program Size: Code=11216 RO-data=352 RW-data=96 ZI-data=1968  
".\IIC.axf" - 0 Error(s), 4 Warning(s).
Load "C:\\Users\\hasee\\Desktop\\2017项目\\手势控件\\Mouse-Gestures\\stm32\\USER\\IIC.axf" 
Set JLink Project File to "C:\Users\hasee\Desktop\2017项目\手势控件\Mouse-Gestures\stm32\USER\JLinkSettings.ini"
* JLink Info: Device "STM32F103RC" selected (256 KB flash, 48 KB RAM).
 
JLink info:
------------
DLL: V4.76d, compiled Sep 13 2013 16:35:06
Firmware: J-Link ARM-OB STM32 compiled Aug 22 2012 19:52:04
Hardware: V7.00
S/N : 20160206 
Feature(s) : RDI,FlashDL,FlashBP,JFlash,GDBFull 
 
* JLink Info: Found SWD-DP with ID 0x1BA01477
* JLink Info: Found SWD-DP with ID 0x1BA01477
* JLink Info: Found Cortex-M3 r1p1, Little endian.
* JLink Info: FPUnit: 6 code (BP) slots and 2 literal slots
* JLink Info: TPIU fitted.
ROMTableAddr = 0xE00FF003
 
Target info:
------------
Device: STM32F103RC
VTarget = 3.300V
State of Pins: 
TCK: 0, TDI: 0, TDO: 1, TMS: 0, TRES: 1, TRST: 1
Hardware-Breakpoints: 6
Software-Breakpoints: 8192
Watchpoints:          4
JTAG speed: 1000 kHz
 
Erase Done.
Programming Done.
Verify OK.
Application running ...
</pre>
</body>
</html>
0, TRES: 1, TRST: 1
Hardware-Breakpoints: 6
Software-Breakpoints: 8192
Watchpoints:          4
JTAG speed: 1000 kHz
 
Erase Done.
Programming Done.
Verify OK.
Application running ...
